[
    {
        "type": 0
    },
    {
        "type": 4,
        "value": 123e-10000000
    },
    {
        "type": 2
    }
]