[
    {
        "type": 1
    },
    {
        "type": 5,
        "value": "\uDFAA"
    },
    {
        "type": 6,
        "value": 0
    },
    {
        "type": 3
    }
]