[
    {
        "type": 0
    },
    {
        "type": 4,
        "value": "\uD888\u1234"
    },
    {
        "type": 2
    }
]