[
    {
        "type": 0
    },
    {
        "type": 4,
        "value": "日ш�"
    },
    {
        "type": 2
    }
]