[
    {
        "type": 0
    },
    {
        "type": 4,
        "value": "\ud800"
    },
    {
        "type": 2
    }
]