[
    {
        "type": 0
    },
    {
        "type": 4,
        "value": "\uD800\n"
    },
    {
        "type": 2
    }
]