[
    {
        "type": 0
    },
    {
        "type": 4,
        "value": "\uDd1ea"
    },
    {
        "type": 2
    }
]