[
    {
        "type": 0
    },
    {
        "type": 4,
        "value": "\uDd1e\uD834"
    },
    {
        "type": 2
    }
]