[
    {
        "type": 1
    },
    {
        "type": 3
    }
]