[
    {
        "type": 0
    },
    {
        "type": 4,
        "value": 2
    },
    {
        "type": 2
    }
]