[
    {
        "type": 0
    },
    {
        "type": 2
    }
]