[
    {
        "type": 0
    },
    {
        "type": 4,
        "value": false
    },
    {
        "type": 2
    }
]