[
    {
        "type": 0
    },
    {
        "type": 4,
        "value": 123e65
    },
    {
        "type": 2
    }
]