[
    {
        "type": 0
    },
    {
        "type": 4,
        "value": 123.456789
    },
    {
        "type": 2
    }
]