[
    {
        "type": 0
    },
    {
        "type": 4,
        "value": 123.456e78
    },
    {
        "type": 2
    }
]