[
    {
        "type": 0
    },
    {
        "type": 4,
        "value": -0.000000000000000000000000000000000000000000000000000000000000000000000000000001
    },
    {
        "type": 2
    }
]