[
    {
        "type": 1
    },
    {
        "type": 5,
        "value": "x"
    },
    {
        "type": 0
    },
    {
        "type": 1
    },
    {
        "type": 5,
        "value": "id"
    },
    {
        "type": 6,
        "value": "xxxxxxxxxxxxxxxxxxxxxxxxxxxxxxxxxxxxxxxx"
    },
    {
        "type": 3
    },
    {
        "type": 4
    },
    {
        "type": 2
    },
    {
        "type": 6
    },
    {
        "type": 5,
        "value": "id"
    },
    {
        "type": 6,
        "value": "xxxxxxxxxxxxxxxxxxxxxxxxxxxxxxxxxxxxxxxx"
    },
    {
        "type": 3
    }
]