[
    {
        "type": 1
    },
    {
        "type": 5,
        "value": "title"
    },
    {
        "type": 6,
        "value": "\u041f\u043e\u043b\u0442\u043e\u0440\u0430 \u0417\u0435\u043c\u043b\u0435\u043a\u043e\u043f\u0430"
    },
    {
        "type": 3
    }
]