[
    {
        "type": 0
    },
    {
        "type": 4,
        "value": "\uD834\uDd1e"
    },
    {
        "type": 2
    }
]