[
    {
        "type": 0
    },
    {
        "type": 4,
        "value": "\ud83d\ude39\ud83d\udc8d"
    },
    {
        "type": 2
    }
]