[
    {
        "type": 0
    },
    {
        "type": 4,
        "value": true
    },
    {
        "type": 2
    }
]