[
    {
        "type": 0
    },
    {
        "type": 4,
        "value": "\u0060\u012a\u12AB"
    },
    {
        "type": 2
    }
]