[
    {
        "type": 0
    },
    {
        "type": 4,
        "value": "\u0123"
    },
    {
        "type": 2
    }
]