[
    {
        "type": 0
    },
    {
        "type": 4,
        "value": "new\u00A0line"
    },
    {
        "type": 2
    }
]