[
    {
        "type": 0
    },
    {
        "type": 4,
        "value": "\"\\\/\b\f\n\r\t"
    },
    {
        "type": 2
    }
]