[
    {
        "type": 0
    },
    {
        "type": 4,
        "value": "\u200B"
    },
    {
        "type": 2
    }
]