[
    {
        "type": 0
    },
    {
        "type": 4,
        "value": "a/*b*/c/*d//e"
    },
    {
        "type": 2
    }
]