[
    {
        "type": 0
    },
    {
        "type": 4,
        "value": "aa"
    },
    {
        "type": 2
    }
]