[
    {
        "type": 0
    },
    {
        "type": 4,
        "value": "\u002c"
    },
    {
        "type": 2
    }
]