[
    {
        "type": 6,
        "value": ""
    }
]