[
    {
        "type": 0
    },
    {
        "type": 4,
        "value": "\uDBFF\uDFFE"
    },
    {
        "type": 2
    }
]