[
    {
        "type": 0
    },
    {
        "type": 4,
        "value": "a"
    },
    {
        "type": 2
    }
]