[
    {
        "type": 0
    },
    {
        "type": 4,
        "value": "asd "
    },
    {
        "type": 2
    }
]