[
    {
        "type": 6,
        "value": 42
    }
]