[
    {
        "type": 6,
        "value": "asd"
    }
]