[
    {
        "type": 0
    },
    {
        "type": 4,
        "value": "\\n"
    },
    {
        "type": 2
    }
]